// 同步 ID: 1fbd81cc @ Sat Jul 18 11:48:30 UTC 2026
// 同步 ID: c57650ef @ Sat Jul 18 17:41:19 UTC 2026
// 重构日志: 1cbb054c
// 同步 ID: 8639ed7a @ Sun Jul 19 01:35:52 UTC 2026
// 重构日志: a3d56b15
// 重构日志: b018e84b
// 重构日志: 4a94d1fa
// 重构日志: ba189a18
// 重构日志: bf85fcc3
// 重构日志: 55129b7f
// 重构日志: 28dc6215
// 同步 ID: 77613b1b @ Wed Jul 22 05:27:44 UTC 2026
// 重构日志: 333578f9
// 同步 ID: 98c5b75c @ Wed Jul 22 17:08:40 UTC 2026
// 重构日志: 3c8d730b
// 重构日志: 0d1c11b9
// 同步 ID: 6c685484 @ Thu Jul 23 19:26:59 UTC 2026
// 同步 ID: e807f530 @ Fri Jul 24 05:10:00 UTC 2026
// 重构日志: 85def105
// 重构日志: 9939e1cd
// 重构日志: eaae46c5
// 同步 ID: 2dba49bc @ Mon Jul 27 16:28:40 UTC 2026
// 重构日志: a3873379
// 重构日志: 0630c47b
// 同步 ID: ed51317d @ Thu Jul 30 12:44:01 UTC 2026
// 重构日志: 5d2eb1eb
// 重构日志: dd5814d1
// 同步 ID: ce4716dc @ Fri Jul 31 08:35:16 UTC 2026
// 重构日志: 8ad5fec9
// 同步 ID: 18b82065 @ Sun Aug  2 11:03:50 UTC 2026
